|j|☆pcklee
|j|☆nmx123
|t:|1760765598
|gametype|singles
|player|p1|pcklee|101|1616
|player|p2|nmx123|266|1621
|gen|9
|tier|[Gen 9] OU
|rated|
|rule|HP Percentage Mod: HP is shown in percentages
|rule|Endless Battle Clause: Forcing endless battles is banned
|rule|Species Clause: Limit one of each Pokémon
|rule|OHKO Clause: OHKO moves are banned
|rule|Evasion Items Clause: Evasion items are banned
|rule|Evasion Moves Clause: Evasion moves are banned
|rule|Evasion Abilities Clause: Evasion abilities are banned
|rule|Sleep Moves Clause: Sleep-inducing moves are banned
|clearpoke
|poke|p1|Hoopa-Unbound|
|poke|p1|Dragonite, M|
|poke|p1|Zamazenta-*|
|poke|p1|Great Tusk|
|poke|p1|Gholdengo|
|poke|p1|Ogerpon-Wellspring, F|
|poke|p2|Dragonite, M|
|poke|p2|Zamazenta-*|
|poke|p2|Gholdengo|
|poke|p2|Raging Bolt|
|poke|p2|Great Tusk|
|poke|p2|Alomomola, M|
|teampreview
|inactive|Battle timer is ON: inactive players will automatically lose when time's up. (requested by nmx123)
|j| Kyurem
|inactive|pcklee has 120 seconds left.
|
|t:|1760765636
|teamsize|p1|6
|teamsize|p2|6
|start
|switch|p1a: Gholdengo|Gholdengo|100/100
|switch|p2a: Dragonite|Dragonite, M|100/100
|turn|1
|
|t:|1760765649
|move|p1a: Gholdengo|Trick|p2a: Dragonite
|-activate|p1a: Gholdengo|move: Trick|[of] p2a: Dragonite
|-item|p2a: Dragonite|Choice Scarf|[from] move: Trick
|-item|p1a: Gholdengo|Choice Band|[from] move: Trick
|move|p2a: Dragonite|Earthquake|p1a: Gholdengo
|-supereffective|p1a: Gholdengo
|-damage|p1a: Gholdengo|19/100
|
|upkeep
|turn|2
|
|t:|1760765669
|switch|p2a: Gholdengo|Gholdengo|100/100
|switch|p1a: Dragonite|Dragonite, M|100/100
|
|upkeep
|turn|3
|inactive|pcklee has 120 seconds left.
|
|t:|1760765691
|move|p2a: Gholdengo|Trick|p1a: Dragonite
|-activate|p2a: Gholdengo|move: Trick|[of] p1a: Dragonite
|-item|p1a: Dragonite|Choice Scarf|[from] move: Trick
|-item|p2a: Gholdengo|Heavy-Duty Boots|[from] move: Trick
|move|p1a: Dragonite|Dragon Dance|p1a: Dragonite
|-boost|p1a: Dragonite|atk|1
|-boost|p1a: Dragonite|spe|1
|
|upkeep
|turn|4
|
|t:|1760765701
|switch|p1a: Gholdengo|Gholdengo|19/100
|move|p2a: Gholdengo|Nasty Plot|p2a: Gholdengo
|-boost|p2a: Gholdengo|spa|2
|
|upkeep
|turn|5
|l| Kyurem
|
|t:|1760765707
|move|p2a: Gholdengo|Shadow Ball|p1a: Gholdengo
|-supereffective|p1a: Gholdengo
|-damage|p1a: Gholdengo|0 fnt
|faint|p1a: Gholdengo
|
|upkeep
|inactive|pcklee has 120 seconds left.
|
|t:|1760765747
|switch|p1a: Dragonite|Dragonite, M|100/100
|turn|6
|
|t:|1760765751
|switch|p1a: Hoopa|Hoopa-Unbound|100/100
|move|p2a: Gholdengo|Shadow Ball|p1a: Hoopa
|-damage|p1a: Hoopa|54/100
|-unboost|p1a: Hoopa|spd|1
|
|upkeep
|turn|7
|c|☆pcklee|ggwp
|-message|pcklee forfeited.
|
|win|nmx123
|raw|pcklee's rating: 1616 &rarr; <strong>1596</strong><br />(-20 for losing)
|raw|nmx123's rating: 1621 &rarr; <strong>1641</strong><br />(+20 for winning)
|l|☆pcklee
|player|p1|
|l|☆nmx123
|player|p2|
