|j|☆blackenese
|j|☆himal_ad321
|t:|1760443402
|gametype|singles
|player|p1|blackenese|102|1220
|player|p2|himal_ad321|dragontamer|1278
|gen|9
|tier|[Gen 9] OU
|rated|
|rule|HP Percentage Mod: HP is shown in percentages
|rule|Endless Battle Clause: Forcing endless battles is banned
|rule|Species Clause: Limit one of each Pokémon
|rule|OHKO Clause: OHKO moves are banned
|rule|Evasion Items Clause: Evasion items are banned
|rule|Evasion Moves Clause: Evasion moves are banned
|rule|Evasion Abilities Clause: Evasion abilities are banned
|rule|Sleep Moves Clause: Sleep-inducing moves are banned
|clearpoke
|poke|p1|Gliscor, F|
|poke|p1|Skeledirge, M|
|poke|p1|Meowscarada, F|
|poke|p1|Zamazenta-*|
|poke|p1|Toxapex, F|
|poke|p1|Feraligatr, F|
|poke|p2|Ogerpon-Wellspring, F|
|poke|p2|Kingambit, M|
|poke|p2|Landorus-Therian, M|
|poke|p2|Glimmora, M|
|poke|p2|Dragapult, F|
|poke|p2|Iron Valiant|
|teampreview
|inactive|Battle timer is ON: inactive players will automatically lose when time's up. (requested by himal_ad321)
|
|t:|1760443412
|teamsize|p1|6
|teamsize|p2|6
|start
|switch|p1a: Meowscarada|Meowscarada, F, shiny|100/100
|switch|p2a: Dragapult|Dragapult, F|100/100
|turn|1
|
|t:|1760443431
|move|p2a: Dragapult|Flamethrower|p1a: Meowscarada
|-supereffective|p1a: Meowscarada
|-damage|p1a: Meowscarada|0 fnt
|faint|p1a: Meowscarada
|
|upkeep
|
|t:|1760443439
|switch|p1a: Feraligatr|Feraligatr, F, shiny|100/100
|turn|2
|
|t:|1760443448
|switch|p2a: Ogerpon|Ogerpon-Wellspring, F|100/100
|move|p1a: Feraligatr|Dragon Dance|p1a: Feraligatr
|-boost|p1a: Feraligatr|atk|1
|-boost|p1a: Feraligatr|spe|1
|
|upkeep
|turn|3
|
|t:|1760443475
|move|p1a: Feraligatr|Ice Punch|p2a: Ogerpon
|-damage|p2a: Ogerpon|23/100
|move|p2a: Ogerpon|Horn Leech|p1a: Feraligatr
|-supereffective|p1a: Feraligatr
|-damage|p1a: Feraligatr|0 fnt
|-heal|p2a: Ogerpon|75/100|[from] drain|[of] p1a: Feraligatr
|faint|p1a: Feraligatr
|
|upkeep
|
|t:|1760443487
|switch|p1a: Toxapex|Toxapex, F|100/100
|turn|4
|-message|blackenese forfeited.
|
|win|himal_ad321
|raw|blackenese's rating: 1220 &rarr; <strong>1199</strong><br />(-21 for losing)
|raw|himal_ad321's rating: 1278 &rarr; <strong>1299</strong><br />(+21 for winning)
|l|☆blackenese
|player|p1|
|l|☆himal_ad321
|player|p2|
