|badge|p1|silver|gen9ou|30-6
|html|<div class="broadcast-red"><strong>This battle is required to be public due to one or more player having a season medal.</strong><br />During the public phase, you can discuss the state of the ladder <a href="/seasondiscussion">in a special chatroom.</a></div>
|uhtml|medal-msg|<div class="broadcast-blue">Curious what those medals under the avatar are? PS now has Ladder Seasons! For more information, check out the <a href="https://www.smogon.com/forums/threads/3740067/">thread on Smogon.</a></div>
|badge|p2|bronze|gen9ou|100-6
|uhtml|medal-msg|<div class="broadcast-blue">Curious what those medals under the avatar are? PS now has Ladder Seasons! For more information, check out the <a href="https://www.smogon.com/forums/threads/3740067/">thread on Smogon.</a></div>
|raw|<div class="broadcast-blue"><strong>This battle is required to be public due to a player having a name starting with 'medal'.</div>
|j|☆Ctannn
|j|☆osiris seth
|t:|1759043360
|gametype|singles
|player|p1|Ctannn|2|1925
|player|p2|osiris seth|psychicf-gen4|1900
|gen|9
|tier|[Gen 9] OU
|rated|
|rule|HP Percentage Mod: HP is shown in percentages
|rule|Endless Battle Clause: Forcing endless battles is banned
|rule|Species Clause: Limit one of each Pokémon
|rule|OHKO Clause: OHKO moves are banned
|rule|Evasion Items Clause: Evasion items are banned
|rule|Evasion Moves Clause: Evasion moves are banned
|rule|Evasion Abilities Clause: Evasion abilities are banned
|rule|Sleep Moves Clause: Sleep-inducing moves are banned
|clearpoke
|poke|p1|Rillaboom, M|
|poke|p1|Garganacl, M|
|poke|p1|Cinderace, F|
|poke|p1|Raging Bolt|
|poke|p1|Slowking-Galar, M|
|poke|p1|Landorus-Therian, M|
|poke|p2|Darkrai|
|poke|p2|Primarina, F|
|poke|p2|Dragonite, F|
|poke|p2|Kingambit, F|
|poke|p2|Landorus-Therian, M|
|poke|p2|Kyurem|
|teampreview
|inactive|Battle timer is ON: inactive players will automatically lose when time's up. (requested by Ctannn)
|j| catarina valentine
|
|t:|1759043384
|teamsize|p1|6
|teamsize|p2|6
|start
|switch|p1a: Garganacl|Garganacl, M|100/100
|switch|p2a: Kyurem|Kyurem|100/100
|-ability|p2a: Kyurem|Pressure
|turn|1
|
|t:|1759043389
|-terastallize|p1a: Garganacl|Fairy
|move|p2a: Kyurem|Earth Power|p1a: Garganacl
|-damage|p1a: Garganacl|77/100
|move|p1a: Garganacl|Curse|p1a: Garganacl
|-unboost|p1a: Garganacl|spe|1
|-boost|p1a: Garganacl|atk|1
|-boost|p1a: Garganacl|def|1
|
|-heal|p1a: Garganacl|83/100|[from] item: Leftovers
|upkeep
|turn|2
|j| locked in bro
|
|t:|1759043395
|move|p2a: Kyurem|Ice Beam|p1a: Garganacl
|-damage|p1a: Garganacl|51/100
|move|p1a: Garganacl|Salt Cure|p2a: Kyurem
|-supereffective|p2a: Kyurem
|-damage|p2a: Kyurem|59/100
|-start|p2a: Kyurem|Salt Cure
|
|-heal|p1a: Garganacl|57/100|[from] item: Leftovers
|-damage|p2a: Kyurem|46/100|[from] Salt Cure
|upkeep
|turn|3
|
|t:|1759043400
|switch|p2a: Primarina|Primarina, F|100/100
|move|p1a: Garganacl|Salt Cure|p2a: Primarina
|-damage|p2a: Primarina|71/100
|-start|p2a: Primarina|Salt Cure
|
|-heal|p1a: Garganacl|63/100|[from] item: Leftovers
|-damage|p2a: Primarina|46/100|[from] Salt Cure
|upkeep
|turn|4
|
|t:|1759043404
|move|p1a: Garganacl|Protect|p1a: Garganacl
|-singleturn|p1a: Garganacl|Protect
|move|p2a: Primarina|Calm Mind|p2a: Primarina
|-boost|p2a: Primarina|spa|1
|-boost|p2a: Primarina|spd|1
|
|-heal|p1a: Garganacl|70/100|[from] item: Leftovers
|-damage|p2a: Primarina|21/100|[from] Salt Cure
|upkeep
|turn|5
|-enditem|p2a: Primarina|Custap Berry|[eat]
|-activate|p2a: Primarina|item: Custap Berry|[consumed]
|
|t:|1759043410
|move|p2a: Primarina|Surf|p1a: Garganacl
|-crit|p1a: Garganacl
|-damage|p1a: Garganacl|0 fnt
|faint|p1a: Garganacl
|
|-damage|p2a: Primarina|0 fnt|[from] Salt Cure
|faint|p2a: Primarina
|upkeep
|c|☆osiris seth|im torrent
|
|t:|1759043428
|switch|p2a: Kyurem|Kyurem|46/100
|switch|p1a: Slowking|Slowking-Galar, M|100/100
|-ability|p2a: Kyurem|Pressure
|turn|6
|
|t:|1759043432
|move|p2a: Kyurem|Earth Power|p1a: Slowking
|-supereffective|p1a: Slowking
|-damage|p1a: Slowking|47/100
|move|p1a: Slowking|Psychic|p2a: Kyurem
|-damage|p2a: Kyurem|28/100
|-unboost|p2a: Kyurem|spd|1
|
|upkeep
|turn|7
|
|t:|1759043437
|switch|p1a: Cinderace|Cinderace, F|100/100
|move|p2a: Kyurem|Earth Power|p1a: Cinderace
|-supereffective|p1a: Cinderace
|-damage|p1a: Cinderace|0 fnt
|faint|p1a: Cinderace
|
|upkeep
|j| tabata toxapex
|c|☆Ctannn|You’re earth plate too?
|
|t:|1759043453
|switch|p1a: Raging Bolt|Raging Bolt|100/100
|turn|8
|c|☆osiris seth|wdym
|
|t:|1759043460
|move|p2a: Kyurem|Ice Beam|p1a: Raging Bolt
|-supereffective|p1a: Raging Bolt
|-damage|p1a: Raging Bolt|0 fnt
|faint|p1a: Raging Bolt
|-end|p1a: Raging Bolt|Protosynthesis|[silent]
|
|upkeep
|-message|Ctannn forfeited.
|
|win|osiris seth
|raw|Ctannn's rating: 1925 &rarr; <strong>1904</strong><br />(-21 for losing)
|raw|osiris seth's rating: 1900 &rarr; <strong>1921</strong><br />(+21 for winning)
|l|☆Ctannn
|player|p1|
|l|☆osiris seth
|player|p2|
|l| locked in bro
|l| catarina valentine
|j| catarina valentine
|l| catarina valentine
|j| shuinifengB
