|j|☆the tay
|j|☆Durianelite
|t:|1759010307
|gametype|singles
|player|p1|the tay|raihan-masters|1260
|player|p2|Durianelite|102|1256
|gen|9
|tier|[Gen 9] OU
|rated|
|rule|HP Percentage Mod: HP is shown in percentages
|rule|Endless Battle Clause: Forcing endless battles is banned
|rule|Species Clause: Limit one of each Pokémon
|rule|OHKO Clause: OHKO moves are banned
|rule|Evasion Items Clause: Evasion items are banned
|rule|Evasion Moves Clause: Evasion moves are banned
|rule|Evasion Abilities Clause: Evasion abilities are banned
|rule|Sleep Moves Clause: Sleep-inducing moves are banned
|clearpoke
|poke|p1|Zoroark, M|
|poke|p1|Iron Hands|
|poke|p1|Vivillon, F|
|poke|p1|Zamazenta-*|
|poke|p1|Ogerpon-Wellspring, F|
|poke|p1|Meowscarada, F|
|poke|p2|Zapdos-Galar|
|poke|p2|Raging Bolt|
|poke|p2|Primarina, M|
|poke|p2|Landorus-Therian, M|
|poke|p2|Iron Treads|
|poke|p2|Darkrai|
|teampreview
|inactive|Battle timer is ON: inactive players will automatically lose when time's up. (requested by Durianelite)
|
|t:|1759010327
|teamsize|p1|6
|teamsize|p2|6
|start
|switch|p1a: Meowscarada|Meowscarada, F|100/100
|switch|p2a: Darkrai|Darkrai|100/100
|turn|1
|
|t:|1759010335
|move|p2a: Darkrai|Sludge Bomb|p1a: Meowscarada
|-supereffective|p1a: Meowscarada
|-damage|p1a: Meowscarada|8/100
|-status|p1a: Meowscarada|psn
|move|p1a: Meowscarada|Hone Claws|p1a: Meowscarada
|-start|p1a: Meowscarada|typechange|Dark|[from] ability: Protean
|-boost|p1a: Meowscarada|atk|1
|-boost|p1a: Meowscarada|accuracy|1
|
|-damage|p1a: Meowscarada|0 fnt|[from] psn
|faint|p1a: Meowscarada
|upkeep
|
|t:|1759010347
|switch|p1a: Iron Hands|Iron Hands|100/100
|turn|2
|
|t:|1759010351
|switch|p2a: Landorus|Landorus-Therian, M|100/100
|-ability|p2a: Landorus|Intimidate|boost
|-unboost|p1a: Iron Hands|atk|1
|move|p1a: Iron Hands|Focus Blast|p2a: Landorus
|-resisted|p2a: Landorus
|-damage|p2a: Landorus|80/100
|
|upkeep
|turn|3
|
|t:|1759010358
|move|p1a: Iron Hands|Nasty Plot|p1a: Iron Hands
|-boost|p1a: Iron Hands|spa|2
|move|p2a: Landorus|U-turn|p1a: Iron Hands
|-supereffective|p1a: Iron Hands
|-damage|p1a: Iron Hands|25/100
|replace|p1a: Zoroark|Zoroark, M
|-end|p1a: Zoroark|Illusion
|
|t:|1759010361
|switch|p2a: Darkrai|Darkrai|100/100|[from] U-turn
|
|upkeep
|turn|4
|
|t:|1759010369
|move|p2a: Darkrai|Dark Pulse|p1a: Zoroark
|-resisted|p1a: Zoroark
|-damage|p1a: Zoroark|0 fnt
|faint|p1a: Zoroark
|
|upkeep
|
|t:|1759010382
|switch|p1a: Vivillon|Vivillon, F|100/100
|turn|5
|
|t:|1759010387
|move|p2a: Darkrai|Dark Pulse|p1a: Vivillon
|-damage|p1a: Vivillon|12/100
|move|p1a: Vivillon|Stun Spore|p2a: Darkrai
|-status|p2a: Darkrai|par
|
|-heal|p1a: Vivillon|18/100|[from] item: Leftovers
|upkeep
|turn|6
|l|☆the tay
|inactive|the tay disconnected and has a minute to reconnect!
|player|p1|
|inactive|Durianelite has 120 seconds left.
|l|☆Durianelite
|inactive|Durianelite disconnected and has a minute to reconnect!
|player|p2|
|inactive|the tay has 30 seconds to reconnect!
|j|☆Durianelite
|inactive|Durianelite reconnected and has 95 seconds left.
|player|p2|Durianelite|102|
|inactive|the tay has 20 seconds to reconnect!
|inactive|Durianelite has 90 seconds left.
|inactive|the tay has 15 seconds to reconnect!
|inactive|the tay has 10 seconds to reconnect!
|inactive|the tay has 5 seconds to reconnect!
|-message|the tay lost due to inactivity.
|
|win|Durianelite
|raw|the tay's rating: 1260 &rarr; <strong>1235</strong><br />(-25 for losing)
|raw|Durianelite's rating: 1256 &rarr; <strong>1281</strong><br />(+25 for winning)
|l|☆Durianelite
|player|p2|
