|j|‽myree
|j|‽Wellez
|t:|1757917813
|gametype|singles
|player|p1|myree|benga|1535
|player|p2|Wellez|170|1446
|gen|9
|tier|[Gen 9] OU
|rated|
|rule|HP Percentage Mod: HP is shown in percentages
|rule|Endless Battle Clause: Forcing endless battles is banned
|rule|Species Clause: Limit one of each Pokémon
|rule|OHKO Clause: OHKO moves are banned
|rule|Evasion Items Clause: Evasion items are banned
|rule|Evasion Moves Clause: Evasion moves are banned
|rule|Evasion Abilities Clause: Evasion abilities are banned
|rule|Sleep Moves Clause: Sleep-inducing moves are banned
|clearpoke
|poke|p1|Fezandipiti, M|
|poke|p1|Iron Crown|
|poke|p1|Iron Boulder|
|poke|p1|Iron Hands|
|poke|p1|Samurott-Hisui, M|
|poke|p1|Enamorus-Therian, F|
|poke|p2|Cinderace, M|
|poke|p2|Zapdos|
|poke|p2|Great Tusk|
|poke|p2|Darkrai|
|poke|p2|Alomomola, F|
|poke|p2|Salamence, F|
|teampreview
|inactive|Battle timer is ON: inactive players will automatically lose when time's up. (requested by myree)
|
|t:|1757917858
|teamsize|p1|6
|teamsize|p2|6
|start
|switch|p1a: Samurott|Samurott-Hisui, M|100/100
|switch|p2a: Salamence|Salamence, F|100/100
|-ability|p2a: Salamence|Intimidate|boost
|-unboost|p1a: Samurott|atk|1
|turn|1
|inactive|myree has 120 seconds left.
|inactive|myree has 90 seconds left.
|
|t:|1757917929
|switch|p1a: Enamorus|Enamorus-Therian, F|100/100
|move|p2a: Salamence|Draco Meteor|p1a: Enamorus
|-immune|p1a: Enamorus
|
|upkeep
|turn|2
|
|t:|1757917938
|switch|p2a: Alomomola|Alomomola, F|100/100
|move|p1a: Enamorus|Calm Mind|p1a: Enamorus
|-boost|p1a: Enamorus|spa|1
|-boost|p1a: Enamorus|spd|1
|
|upkeep
|turn|3
|inactive|myree has 90 seconds left.
|
|t:|1757917945
|move|p2a: Alomomola|Wish|p2a: Alomomola
|move|p1a: Enamorus|Calm Mind|p1a: Enamorus
|-boost|p1a: Enamorus|spa|1
|-boost|p1a: Enamorus|spd|1
|
|upkeep
|turn|4
|
|t:|1757917949
|move|p2a: Alomomola|Scald|p1a: Enamorus
|-damage|p1a: Enamorus|93/100
|move|p1a: Enamorus|Iron Defense|p1a: Enamorus
|-boost|p1a: Enamorus|def|2
|
|upkeep
|turn|5
|
|t:|1757917961
|switch|p2a: Salamence|Salamence, F|100/100
|-ability|p2a: Salamence|Intimidate|boost
|-unboost|p1a: Enamorus|atk|1
|move|p1a: Enamorus|Calm Mind|p1a: Enamorus
|-boost|p1a: Enamorus|spa|1
|-boost|p1a: Enamorus|spd|1
|
|upkeep
|turn|6
|
|t:|1757917966
|move|p1a: Enamorus|Draining Kiss|p2a: Salamence
|-supereffective|p2a: Salamence
|-crit|p2a: Salamence
|-damage|p2a: Salamence|0 fnt
|-heal|p1a: Enamorus|100/100|[from] drain|[of] p2a: Salamence
|faint|p2a: Salamence
|
|upkeep
|
|t:|1757917972
|switch|p2a: Alomomola|Alomomola, F|100/100
|turn|7
|
|t:|1757917978
|move|p1a: Enamorus|Iron Defense|p1a: Enamorus
|-boost|p1a: Enamorus|def|2
|move|p2a: Alomomola|Mirror Coat||[still]
|-fail|p2a: Alomomola
|
|upkeep
|turn|8
|-message|Wellez forfeited.
|
|win|myree
|raw|myree's rating: 1535 &rarr; <strong>1550</strong><br />(+15 for winning)
|raw|Wellez's rating: 1446 &rarr; <strong>1431</strong><br />(-15 for losing)
|l|‽Wellez
|player|p2|
|l|‽myree
|player|p1|
