|j|☆toa_of_tendenseiz
|j|☆Alex Corzoma
|t:|1758349976
|gametype|singles
|player|p1|toa_of_tendenseiz|brawly|1181
|player|p2|Alex Corzoma|scientist-gen4dp|1121
|gen|9
|tier|[Gen 9] OU
|rated|
|rule|HP Percentage Mod: HP is shown in percentages
|rule|Endless Battle Clause: Forcing endless battles is banned
|rule|Species Clause: Limit one of each Pokémon
|rule|OHKO Clause: OHKO moves are banned
|rule|Evasion Items Clause: Evasion items are banned
|rule|Evasion Moves Clause: Evasion moves are banned
|rule|Evasion Abilities Clause: Evasion abilities are banned
|rule|Sleep Moves Clause: Sleep-inducing moves are banned
|clearpoke
|poke|p1|Kyurem|
|poke|p1|Araquanid, F|
|poke|p1|Scizor, M|
|poke|p1|Glimmora, F|
|poke|p1|Moltres|
|poke|p1|Rillaboom, M|
|poke|p2|Rotom|
|poke|p2|Kingambit, M|
|poke|p2|Enamorus, F|
|poke|p2|Cinderace, M|
|poke|p2|Weezing-Galar, M|
|poke|p2|Slowking-Galar, F|
|teampreview
|
|t:|1758349989
|teamsize|p1|6
|teamsize|p2|6
|start
|switch|p1a: Phosphophyllite|Glimmora, F, shiny|100/100
|switch|p2a: Corzo-Moi|Rotom|100/100
|-item|p1a: Phosphophyllite|Air Balloon
|turn|1
|
|t:|1758349998
|move|p2a: Corzo-Moi|Trick|p1a: Phosphophyllite
|-activate|p2a: Corzo-Moi|move: Trick|[of] p1a: Phosphophyllite
|-item|p1a: Phosphophyllite|Choice Scarf|[from] move: Trick
|-item|p2a: Corzo-Moi|Air Balloon
|-item|p2a: Corzo-Moi|Air Balloon|[from] move: Trick
|move|p1a: Phosphophyllite|Power Gem|p2a: Corzo-Moi
|-damage|p2a: Corzo-Moi|25/100
|-enditem|p2a: Corzo-Moi|Air Balloon
|
|upkeep
|turn|2
|
|t:|1758350021
|switch|p2a: Laguiole|Kingambit, M|100/100
|move|p1a: Phosphophyllite|Power Gem|p2a: Laguiole
|-resisted|p2a: Laguiole
|-damage|p2a: Laguiole|74/100
|
|-heal|p2a: Laguiole|81/100|[from] item: Leftovers
|upkeep
|turn|3
|
|t:|1758350034
|switch|p1a: Takanashi Kiara|Moltres|100/100
|move|p2a: Laguiole|Swords Dance|p2a: Laguiole
|-boost|p2a: Laguiole|atk|2
|
|-heal|p2a: Laguiole|87/100|[from] item: Leftovers
|upkeep
|turn|4
|
|t:|1758350043
|-terastallize|p1a: Takanashi Kiara|Fighting
|move|p2a: Laguiole|Sucker Punch|p1a: Takanashi Kiara
|-resisted|p1a: Takanashi Kiara
|-damage|p1a: Takanashi Kiara|64/100
|-status|p2a: Laguiole|brn|[from] ability: Flame Body|[of] p1a: Takanashi Kiara
|move|p1a: Takanashi Kiara|Flamethrower|p2a: Laguiole
|-supereffective|p2a: Laguiole
|-damage|p2a: Laguiole|0 fnt
|faint|p2a: Laguiole
|-end|p2a: Laguiole|fallenundefined|[silent]
|
|upkeep
|-message|Alex Corzoma forfeited.
|
|win|toa_of_tendenseiz
|raw|toa_of_tendenseiz's rating: 1181 &rarr; <strong>1202</strong><br />(+21 for winning)
|raw|Alex Corzoma's rating: 1121 &rarr; <strong>1100</strong><br />(-21 for losing)
|l|☆Alex Corzoma
|player|p2|
|l|☆toa_of_tendenseiz
|player|p1|
