|html|<div class="broadcast-blue"><strong>[Gen 9] OU is currently suspecting Tera Blast! For information on how to participate check out the <a href="https://www.smogon.com/tools/suspects/view/200">suspect thread</a>.</strong></div>
|j|☆user795680
|j|☆jmeevns
|t:|1776084151
|gametype|singles
|player|p1|user795680|102|1171
|player|p2|jmeevns|riley|1143
|gen|9
|tier|[Gen 9] OU
|rated|
|rule|HP Percentage Mod: HP is shown in percentages
|rule|Endless Battle Clause: Forcing endless battles is banned
|rule|Species Clause: Limit one of each Pokémon
|rule|OHKO Clause: OHKO moves are banned
|rule|Evasion Items Clause: Evasion items are banned
|rule|Evasion Moves Clause: Evasion moves are banned
|rule|Evasion Abilities Clause: Evasion abilities are banned
|rule|Sleep Moves Clause: Sleep-inducing moves are banned
|clearpoke
|poke|p1|Lilligant, F|
|poke|p1|Vikavolt, F|
|poke|p1|Meowscarada, F|
|poke|p1|Oricorio, M|
|poke|p1|Registeel|
|poke|p1|Ursaluna, F|
|poke|p2|Hawlucha, M|
|poke|p2|Polteageist-Antique|
|poke|p2|Metagross|
|poke|p2|Rotom-Wash|
|poke|p2|Gliscor, M|
|poke|p2|Dragapult, M|
|teampreview
|
|t:|1776084169
|teamsize|p1|6
|teamsize|p2|6
|start
|switch|p1a: Meowscarada|Meowscarada, F|100/100
|switch|p2a: Rotom|Rotom-Wash, shiny|100/100
|turn|1
|
|t:|1776084177
|move|p1a: Meowscarada|Flower Trick|p2a: Rotom
|-start|p1a: Meowscarada|typechange|Grass|[from] ability: Protean
|-supereffective|p2a: Rotom
|-crit|p2a: Rotom
|-damage|p2a: Rotom|3/100
|move|p2a: Rotom|Trick|p1a: Meowscarada
|-activate|p2a: Rotom|move: Trick|[of] p1a: Meowscarada
|-item|p1a: Meowscarada|Choice Band|[from] move: Trick
|-item|p2a: Rotom|Leftovers|[from] move: Trick
|
|-heal|p2a: Rotom|9/100|[from] item: Leftovers
|upkeep
|turn|2
|
|t:|1776084193
|switch|p2a: Gliscor|Gliscor, M, shiny|100/100
|move|p1a: Meowscarada|Flower Trick|p2a: Gliscor
|-crit|p2a: Gliscor
|-damage|p2a: Gliscor|43/100
|
|-status|p2a: Gliscor|tox|[from] item: Toxic Orb
|upkeep
|turn|3
|
|t:|1776084214
|move|p2a: Gliscor|Protect|p2a: Gliscor
|-singleturn|p2a: Gliscor|Protect
|move|p1a: Meowscarada|Flower Trick|p2a: Gliscor
|-activate|p2a: Gliscor|move: Protect
|
|-heal|p2a: Gliscor|55/100 tox|[from] ability: Poison Heal
|upkeep
|turn|4
|inactive|Battle timer is ON: inactive players will automatically lose when time's up. (requested by user795680)
|
|t:|1776084243
|switch|p2a: Dragapult|Dragapult, M, shiny|100/100
|move|p1a: Meowscarada|Flower Trick|p2a: Dragapult
|-resisted|p2a: Dragapult
|-crit|p2a: Dragapult
|-damage|p2a: Dragapult|52/100
|-start|p1a: Meowscarada|Disable|Flower Trick|[from] ability: Cursed Body|[of] p2a: Dragapult
|
|-heal|p2a: Dragapult|58/100|[from] item: Leftovers
|upkeep
|turn|5
|inactive|jmeevns has 120 seconds left.
|inactive|jmeevns has 90 seconds left.
|inactive|jmeevns has 60 seconds left.
|inactive|jmeevns has 30 seconds left.
|inactive|jmeevns has 20 seconds left.
|inactive|jmeevns has 15 seconds left.
|inactive|jmeevns has 10 seconds left.
|inactive|jmeevns has 5 seconds left.
|-message|jmeevns lost due to inactivity.
|
|win|user795680
|raw|user795680's rating: 1171 &rarr; <strong>1194</strong><br />(+23 for winning)
|raw|jmeevns's rating: 1143 &rarr; <strong>1120</strong><br />(-23 for losing)
