|j|☆iRainbo_ots
|j|☆yerichan
|t:|1769364897
|gametype|singles
|player|p1|iRainbo_ots|preschooler|1111
|player|p2|yerichan|ash|1104
|gen|9
|tier|[Gen 9] OU
|rated|
|rule|HP Percentage Mod: HP is shown in percentages
|rule|Endless Battle Clause: Forcing endless battles is banned
|rule|Species Clause: Limit one of each Pokémon
|rule|OHKO Clause: OHKO moves are banned
|rule|Evasion Items Clause: Evasion items are banned
|rule|Evasion Moves Clause: Evasion moves are banned
|rule|Evasion Abilities Clause: Evasion abilities are banned
|rule|Sleep Moves Clause: Sleep-inducing moves are banned
|clearpoke
|poke|p1|Lurantis, M|
|poke|p1|Ninetales-Alola, M|
|poke|p1|Ogerpon-Cornerstone, F|
|poke|p1|Serperior, F|
|poke|p1|Whimsicott, M|
|poke|p1|Heatran, M|
|poke|p2|Skeledirge, F|
|poke|p2|Ting-Lu|
|poke|p2|Dragonite, M|
|poke|p2|Ogerpon-Wellspring, F|
|poke|p2|Gholdengo|
|poke|p2|Minior-Yellow|
|teampreview
|
|t:|1769364911
|teamsize|p1|6
|teamsize|p2|6
|start
|switch|p1a: Cotton|Whimsicott, M|100/100
|switch|p2a: Minior|Minior-Yellow|100/100
|-formechange|p2a: Minior|Minior-Meteor||[from] ability: Shields Down
|turn|1
|
|t:|1769364926
|-terastallize|p2a: Minior|Ground
|move|p1a: Cotton|Tailwind|p1a: Cotton
|-sidestart|p1: iRainbo_ots|move: Tailwind
|move|p2a: Minior|Shell Smash|p2a: Minior
|-unboost|p2a: Minior|def|1
|-unboost|p2a: Minior|spd|1
|-boost|p2a: Minior|atk|2
|-boost|p2a: Minior|spa|2
|-boost|p2a: Minior|spe|2
|
|upkeep
|turn|2
|inactive|Battle timer is ON: inactive players will automatically lose when time's up. (requested by iRainbo_ots)
|
|t:|1769364938
|move|p1a: Cotton|Stun Spore|p2a: Minior
|-immune|p2a: Minior|[from] ability: Shields Down
|move|p2a: Minior|Shell Smash|p2a: Minior
|-unboost|p2a: Minior|def|1
|-unboost|p2a: Minior|spd|1
|-boost|p2a: Minior|atk|2
|-boost|p2a: Minior|spa|2
|-boost|p2a: Minior|spe|2
|
|upkeep
|turn|3
|
|t:|1769364950
|move|p1a: Cotton|Memento|p2a: Minior
|-unboost|p2a: Minior|atk|2
|-unboost|p2a: Minior|spa|2
|faint|p1a: Cotton
|move|p2a: Minior|Shell Smash|p2a: Minior
|-unboost|p2a: Minior|def|1
|-unboost|p2a: Minior|spd|1
|-boost|p2a: Minior|atk|2
|-boost|p2a: Minior|spa|2
|-boost|p2a: Minior|spe|2
|
|upkeep
|-message|iRainbo_ots forfeited.
|
|win|yerichan
|raw|iRainbo_ots's rating: 1111 &rarr; <strong>1084</strong><br />(-27 for losing)
|raw|yerichan's rating: 1081 &rarr; <strong>1111</strong><br />(+30 for winning)
|l|☆iRainbo_ots
|player|p1|
