|j|☆yesyhh
|j|☆RobynReanimates
|t:|1758953777
|gametype|singles
|player|p1|yesyhh|102|1252
|player|p2|RobynReanimates|waitress|1266
|gen|9
|tier|[Gen 9] OU
|rated|
|rule|HP Percentage Mod: HP is shown in percentages
|rule|Endless Battle Clause: Forcing endless battles is banned
|rule|Species Clause: Limit one of each Pokémon
|rule|OHKO Clause: OHKO moves are banned
|rule|Evasion Items Clause: Evasion items are banned
|rule|Evasion Moves Clause: Evasion moves are banned
|rule|Evasion Abilities Clause: Evasion abilities are banned
|rule|Sleep Moves Clause: Sleep-inducing moves are banned
|clearpoke
|poke|p1|Tyranitar, M|
|poke|p1|Excadrill, M|
|poke|p1|Kingambit, M|
|poke|p1|Dragonite, M|
|poke|p1|Zapdos|
|poke|p1|Sinistcha-Masterpiece|
|poke|p2|Salazzle, F|
|poke|p2|Meowscarada, M|
|poke|p2|Iron Valiant|
|poke|p2|Gholdengo|
|poke|p2|Garganacl, F|
|poke|p2|Hatterene, F|
|teampreview
|inactive|Battle timer is ON: inactive players will automatically lose when time's up. (requested by RobynReanimates)
|inactive|RobynReanimates has 120 seconds left.
|
|t:|1758953822
|teamsize|p1|6
|teamsize|p2|6
|start
|switch|p1a: Dragonite|Dragonite, M|100/100
|switch|p2a: Ms Sizzle|Salazzle, F|100/100
|turn|1
|
|t:|1758953834
|move|p2a: Ms Sizzle|Toxic|p1a: Dragonite
|-status|p1a: Dragonite|tox
|-enditem|p1a: Dragonite|Lum Berry|[eat]
|-curestatus|p1a: Dragonite|tox|[msg]
|move|p1a: Dragonite|Dragon Dance|p1a: Dragonite
|-boost|p1a: Dragonite|atk|1
|-boost|p1a: Dragonite|spe|1
|
|upkeep
|turn|2
|inactive|RobynReanimates has 120 seconds left.
|inactive|RobynReanimates has 90 seconds left.
|inactive|RobynReanimates has 60 seconds left.
|inactive|RobynReanimates has 30 seconds left.
|inactive|RobynReanimates has 20 seconds left.
|inactive|RobynReanimates has 15 seconds left.
|inactive|RobynReanimates has 10 seconds left.
|inactive|RobynReanimates has 5 seconds left.
|-message|RobynReanimates lost due to inactivity.
|
|win|yesyhh
|raw|yesyhh's rating: 1252 &rarr; <strong>1276</strong><br />(+24 for winning)
|raw|RobynReanimates's rating: 1241 &rarr; <strong>1217</strong><br />(-24 for losing)
|l|☆yesyhh
|player|p1|
|l|☆RobynReanimates
|player|p2|
