|j|☆unbreakablegurdor
|j|☆farhannn
|t:|1760852750
|gametype|singles
|player|p1|unbreakablegurdor|infielder|1172
|player|p2|farhannn|265|1192
|gen|9
|tier|[Gen 9] OU
|rated|
|rule|HP Percentage Mod: HP is shown in percentages
|rule|Endless Battle Clause: Forcing endless battles is banned
|rule|Species Clause: Limit one of each Pokémon
|rule|OHKO Clause: OHKO moves are banned
|rule|Evasion Items Clause: Evasion items are banned
|rule|Evasion Moves Clause: Evasion moves are banned
|rule|Evasion Abilities Clause: Evasion abilities are banned
|rule|Sleep Moves Clause: Sleep-inducing moves are banned
|clearpoke
|poke|p1|Tyranitar, F|
|poke|p1|Landorus-Therian, M|
|poke|p1|Gholdengo|
|poke|p1|Kyurem|
|poke|p1|Cinderace, F|
|poke|p1|Alomomola, M|
|poke|p2|Corviknight, F|
|poke|p2|Heatran, F|
|poke|p2|Scizor, F|
|poke|p2|Cobalion|
|poke|p2|Excadrill, M|
|poke|p2|Gholdengo|
|teampreview
|inactive|Battle timer is ON: inactive players will automatically lose when time's up. (requested by unbreakablegurdor)
|inactive|farhannn also wants the timer to be on.
|
|t:|1760852767
|teamsize|p1|6
|teamsize|p2|6
|start
|switch|p1a: Gholdengo|Gholdengo|100/100
|switch|p2a: Cobalion|Cobalion|100/100
|turn|1
|
|t:|1760852794
|move|p2a: Cobalion|Volt Switch|p1a: Gholdengo
|-damage|p1a: Gholdengo|70/100
|
|t:|1760852798
|switch|p2a: Heatran|Heatran, F|100/100|[from] Volt Switch
|move|p1a: Gholdengo|Thunder Wave|p2a: Heatran|[miss]
|-miss|p1a: Gholdengo|p2a: Heatran
|
|upkeep
|turn|2
|
|t:|1760852806
|switch|p1a: Landorus|Landorus-Therian, M|100/100
|-ability|p1a: Landorus|Intimidate|boost
|-unboost|p2a: Heatran|atk|1
|move|p2a: Heatran|Lava Plume|p1a: Landorus
|-damage|p1a: Landorus|76/100
|-status|p1a: Landorus|brn
|
|-damage|p1a: Landorus|70/100 brn|[from] brn
|upkeep
|turn|3
|inactive|unbreakablegurdor has 120 seconds left.
|inactive|unbreakablegurdor has 90 seconds left.
|inactive|unbreakablegurdor has 60 seconds left.
|inactive|unbreakablegurdor has 30 seconds left.
|inactive|unbreakablegurdor has 20 seconds left.
|inactive|unbreakablegurdor has 15 seconds left.
|inactive|unbreakablegurdor has 10 seconds left.
|inactive|unbreakablegurdor has 5 seconds left.
|-message|unbreakablegurdor lost due to inactivity.
|
|win|farhannn
|raw|unbreakablegurdor's rating: 1172 &rarr; <strong>1148</strong><br />(-24 for losing)
|raw|farhannn's rating: 1192 &rarr; <strong>1216</strong><br />(+24 for winning)
|l|☆farhannn
|player|p2|
