|j|☆sleep2501340442
|j|☆Tt2041
|t:|1757830017
|gametype|singles
|player|p1|sleep2501340442|idol|1588
|player|p2|Tt2041|dawn|1592
|gen|9
|tier|[Gen 9] OU
|rated|
|rule|HP Percentage Mod: HP is shown in percentages
|rule|Endless Battle Clause: Forcing endless battles is banned
|rule|Species Clause: Limit one of each Pokémon
|rule|OHKO Clause: OHKO moves are banned
|rule|Evasion Items Clause: Evasion items are banned
|rule|Evasion Moves Clause: Evasion moves are banned
|rule|Evasion Abilities Clause: Evasion abilities are banned
|rule|Sleep Moves Clause: Sleep-inducing moves are banned
|clearpoke
|poke|p1|Slowking-Galar, M|
|poke|p1|Kyurem|
|poke|p1|Cinderace, F|
|poke|p1|Landorus-Therian, M|
|poke|p1|Kingambit, M|
|poke|p1|Iron Valiant|
|poke|p2|Gliscor, F|
|poke|p2|Ting-Lu|
|poke|p2|Meowscarada, M|
|poke|p2|Pecharunt|
|poke|p2|Zapdos|
|poke|p2|Volcanion|
|teampreview
|
|t:|1757830025
|teamsize|p1|6
|teamsize|p2|6
|start
|switch|p1a: Cinderace|Cinderace, F|100/100
|switch|p2a: Meowscarada|Meowscarada, M|100/100
|turn|1
|l|☆sleep2501340442
|player|p1|
|inactive|Battle timer is ON: inactive players will automatically lose when time's up. (requested by Tt2041)
|j|☆sleep2501340442
|inactive|sleep2501340442 reconnected and has 150 seconds left.
|player|p1|sleep2501340442|idol|
|
|t:|1757830057
|move|p2a: Meowscarada|U-turn|p1a: Cinderace
|-start|p2a: Meowscarada|typechange|Bug|[from] ability: Protean
|-resisted|p1a: Cinderace
|-damage|p1a: Cinderace|78/100
|
|t:|1757830078
|switch|p2a: Gliscor|Gliscor, F|100/100|[from] U-turn
|move|p1a: Cinderace|U-turn|p2a: Gliscor
|-start|p1a: Cinderace|typechange|Bug|[from] ability: Libero
|-resisted|p2a: Gliscor
|-damage|p2a: Gliscor|90/100
|l|☆sleep2501340442
|inactive|sleep2501340442 disconnected and has a minute to reconnect!
|player|p1|
|j|☆sleep2501340442
|inactive|sleep2501340442 reconnected and has 115 seconds left.
|player|p1|sleep2501340442|idol|
|
|t:|1757830123
|switch|p1a: Kyurem|Kyurem|100/100|[from] U-turn
|-ability|p1a: Kyurem|Pressure
|
|-status|p2a: Gliscor|tox|[from] item: Toxic Orb
|upkeep
|turn|2
|
|t:|1757830134
|move|p2a: Gliscor|Protect|p2a: Gliscor
|-singleturn|p2a: Gliscor|Protect
|move|p1a: Kyurem|Freeze-Dry|p2a: Gliscor
|-activate|p2a: Gliscor|move: Protect
|
|-heal|p2a: Gliscor|100/100 tox|[from] ability: Poison Heal
|upkeep
|turn|3
|inactive|Tt2041 has 120 seconds left.
|
|t:|1757830171
|switch|p2a: Volcanion|Volcanion|100/100
|move|p1a: Kyurem|Freeze-Dry|p2a: Volcanion
|-damage|p2a: Volcanion|58/100
|
|upkeep
|turn|4
|inactive|Tt2041 has 120 seconds left.
|
|t:|1757830181
|switch|p1a: Slowking|Slowking-Galar, M|100/100
|move|p2a: Volcanion|Flamethrower|p1a: Slowking
|-damage|p1a: Slowking|77/100
|
|-heal|p1a: Slowking|83/100|[from] item: Leftovers
|upkeep
|turn|5
|inactive|Tt2041 has 120 seconds left.
|
|t:|1757830190
|switch|p2a: Ting-Lu|Ting-Lu|100/100
|-ability|p2a: Ting-Lu|Vessel of Ruin
|-prepare|p1a: Slowking|Chilly Reception|[premajor]
|move|p1a: Slowking|Chilly Reception|p1a: Slowking
|-weather|Snowscape
|
|t:|1757830192
|switch|p1a: Kyurem|Kyurem|100/100|[from] Chilly Reception
|-ability|p1a: Kyurem|Pressure
|
|-weather|Snowscape|[upkeep]
|upkeep
|turn|6
|
|t:|1757830207
|move|p1a: Kyurem|Freeze-Dry|p2a: Ting-Lu
|-supereffective|p2a: Ting-Lu
|-damage|p2a: Ting-Lu|51/100
|move|p2a: Ting-Lu|Spikes|p1a: Kyurem
|-sidestart|p1: sleep2501340442|Spikes
|
|-weather|Snowscape|[upkeep]
|-heal|p2a: Ting-Lu|58/100|[from] item: Leftovers
|upkeep
|turn|7
|inactive|Tt2041 has 120 seconds left.
|l|☆sleep2501340442
|inactive|sleep2501340442 disconnected and has a minute to reconnect!
|player|p1|
|inactive|Tt2041 has 90 seconds left.
|
|t:|1757830253
|move|p1a: Kyurem|Freeze-Dry|p2a: Ting-Lu
|-supereffective|p2a: Ting-Lu
|-crit|p2a: Ting-Lu
|-damage|p2a: Ting-Lu|0 fnt
|faint|p2a: Ting-Lu
|
|-weather|Snowscape|[upkeep]
|upkeep
|-message|Tt2041 forfeited.
|
|win|sleep2501340442
|raw|sleep2501340442's rating: 1588 &rarr; <strong>1608</strong><br />(+20 for winning)
|raw|Tt2041's rating: 1592 &rarr; <strong>1572</strong><br />(-20 for losing)
|l|☆Tt2041
|player|p2|
|j|☆sleep2501340442
|player|p1|sleep2501340442|idol|
|l|☆sleep2501340442
|player|p1|
