|j|☆Pokerimestari
|j|☆got_the_hacks
|inactive|Battle timer is ON: inactive players will automatically lose when time's up.
|t:|1757861004
|gametype|singles
|player|p1|Pokerimestari|2|
|player|p2|got_the_hacks|steven|
|gen|9
|tier|[Gen 9] OU
|rated|Tournament battle
|rule|HP Percentage Mod: HP is shown in percentages
|rule|Endless Battle Clause: Forcing endless battles is banned
|rule|Species Clause: Limit one of each Pokémon
|rule|OHKO Clause: OHKO moves are banned
|rule|Evasion Items Clause: Evasion items are banned
|rule|Evasion Moves Clause: Evasion moves are banned
|rule|Evasion Abilities Clause: Evasion abilities are banned
|rule|Sleep Moves Clause: Sleep-inducing moves are banned
|raw|<div class="infobox"><details class="readmore"><summary><strong>15 custom rules:</strong></summary> -burmy, -caterpie, -combee, -kricketot, -magikarp, -scatterbug, -sunkern, -tynamo, -typenull, -weedle, -wurmple, -cosmog, -blipbug, -snom, -wynaut</details></div>
|clearpoke
|poke|p1|Oddish, M|
|poke|p2|Dragonite, M|
|poke|p2|Pecharunt|
|poke|p2|Glimmora, M|
|poke|p2|Zapdos|
|poke|p2|Pelipper, M|
|poke|p2|Golem, M|
|teampreview
|j|*Lady Monita ☀
|c|*Lady Monita ☀|got_the_hacks: Your team needed to have 1 Pokemon. Dragonite, Pecharunt, Glimmora, Zapdos, Pelipper, and Golem were not possible to have based on your options.
|l|*Lady Monita ☀
|n|☆Pokerimestari|pokerimestari
|n|☆got_the_hacks|gotthehacks
|-message|got_the_hacks forfeited.
|
|win|Pokerimestari
|l|☆got_the_hacks
|player|p2|
|j| The impimp
